[dotenv@17.2.4] injecting env (7) from .env -- tip: ΓÜÖ∩╕Å  specify custom .env file path with { path: '/custom/path/.env' }
[FaceVerification] Local DeepFace engine active | Python: python3 | Threshold: 70%
[dotenv@17.2.4] injecting env (0) from .env -- tip: ΓÜÖ∩╕Å  write to custom object with { processEnv: myObject }
--- Instagram Matcher Test ---
Variations: [ 'johndoe', 'john.doe', 'john_doe' ]
Matches: [ 'johndoe' ]

--- Ollama Service Test ---
node : [LocalSummary] 
Ollama not reachable 
at http://localhost:11
434: fetch failed
At line:1 char:1
+ node 
scripts/test_local.js 
> test_output.txt 2>&1
+ ~~~~~~~~~~~~~~~~~~~~
~~~~~~~~~~~~~~~~~~~~~~
~~~~~~~
    + CategoryInfo    
          : 
NotSpecified: ([    
LocalSummary] ...4: f 
   etch 
failed:String) [    
], RemoteException
    + 
FullyQualifiedError   
 Id : 
NativeCommandErr    or
 
Ollama OK: false

--- Face Verification Test ---
Detection function type: function
